// Jest Snapshot v1, https://goo.gl/fbAQLP

exports[`Button component should match snapshot 1`] = `
<button
  data-test={null}
  onClick={[Function]}
  type="button"
>
  text
</button>
`;
